[2026-02-13T11:43:19.719Z] 🚀 Starting PDF Generation... (v2 with logging)
[2026-02-13T11:43:19.922Z] Importing puppeteer...
[2026-02-13T11:43:20.127Z] Puppeteer imported.
[2026-02-13T11:43:20.143Z] Theme selected: modern
[2026-02-13T11:43:20.150Z] Template filename: modern.html
[2026-02-13T11:43:20.161Z] ✅ Template found at: C:\Users\USER\Desktop\shortlist\lib\resume-renderer\templates\modern.html
[2026-02-13T11:43:20.176Z] Launching browser...
[2026-02-13T11:43:34.083Z] Browser launched. Opening page...
[2026-02-13T11:43:36.391Z] Setting content...
[2026-02-13T11:43:36.583Z] Content set.
[2026-02-13T11:43:36.597Z] Generating PDF...
[2026-02-13T11:43:40.189Z] ✅ PDF Generated. Size: 64262
[2026-02-13T11:43:40.197Z] Closing browser...
[2026-02-13T11:49:16.540Z] 🚀 Starting PDF Generation... (v3 Production)
[2026-02-13T11:49:16.616Z] Importing puppeteer...
[2026-02-13T11:49:19.400Z] Theme selected: modern
[2026-02-13T11:49:19.410Z] Launching browser...
[2026-02-13T11:49:26.364Z] Generating PDF...
[2026-02-13T11:49:28.813Z] ✅ PDF Generated. Size: 100718
[2026-02-13T12:01:23.258Z] 🚀 Starting PDF Generation... (v3 Production)
[2026-02-13T12:01:23.264Z] Importing puppeteer...
[2026-02-13T12:01:23.269Z] Theme selected: modern
[2026-02-13T12:01:23.283Z] Launching browser...
[2026-02-13T12:01:30.661Z] Generating PDF...
[2026-02-13T12:01:32.797Z] ✅ PDF Generated. Size: 100718
[2026-02-13T12:04:30.487Z] 🚀 Starting PDF Generation... (v3 Production)
[2026-02-13T12:04:30.499Z] Importing puppeteer...
[2026-02-13T12:04:30.510Z] Theme selected: efficient
[2026-02-13T12:04:30.522Z] Launching browser...
[2026-02-13T12:04:44.454Z] Generating PDF...
[2026-02-13T12:04:47.571Z] ✅ PDF Generated. Size: 66763
[2026-02-13T12:06:52.877Z] 🚀 Starting PDF Generation... (v3 Production)
[2026-02-13T12:06:52.892Z] Importing puppeteer...
[2026-02-13T12:06:52.915Z] Theme selected: modern
[2026-02-13T12:06:52.961Z] Launching browser...
[2026-02-13T12:07:02.484Z] Generating PDF...
[2026-02-13T12:07:04.983Z] ✅ PDF Generated. Size: 100718
[2026-02-13T12:16:19.808Z] 🚀 Starting PDF Generation... (v3 Production)
[2026-02-13T12:16:19.825Z] Importing puppeteer...
[2026-02-13T12:16:19.851Z] Theme selected: sidebar
[2026-02-13T12:16:19.882Z] Launching browser...
[2026-02-13T12:16:27.590Z] Generating PDF...
[2026-02-13T12:16:29.976Z] ✅ PDF Generated. Size: 107466
[2026-02-13T12:17:20.313Z] 🚀 Starting PDF Generation... (v3 Production)
[2026-02-13T12:17:20.317Z] Importing puppeteer...
[2026-02-13T12:17:20.329Z] Theme selected: modern
[2026-02-13T12:17:20.341Z] Launching browser...
[2026-02-13T12:17:25.970Z] Generating PDF...
[2026-02-13T12:17:28.377Z] ✅ PDF Generated. Size: 100718
[2026-02-13T12:28:56.042Z] 🚀 Starting PDF Generation... (v3 Production)
[2026-02-13T12:28:56.071Z] Importing puppeteer...
[2026-02-13T12:28:56.134Z] Theme selected: banner
[2026-02-13T12:28:56.153Z] Launching browser...
[2026-02-13T12:29:12.538Z] Generating PDF...
[2026-02-13T12:29:15.073Z] ✅ PDF Generated. Size: 74146
[2026-02-13T12:29:16.342Z] 🚀 Starting PDF Generation... (v3 Production)
[2026-02-13T12:29:16.347Z] Importing puppeteer...
[2026-02-13T12:29:16.357Z] Theme selected: modern
[2026-02-13T12:29:16.374Z] Launching browser...
[2026-02-13T12:29:22.031Z] Generating PDF...
[2026-02-13T12:29:23.373Z] ✅ PDF Generated. Size: 64264
[2026-02-13T12:31:14.553Z] 🚀 Starting PDF Generation... (v3 Production)
[2026-02-13T12:31:14.561Z] Importing puppeteer...
[2026-02-13T12:31:14.565Z] Theme selected: modern
[2026-02-13T12:31:14.579Z] Launching browser...
[2026-02-13T12:31:20.841Z] Generating PDF...
[2026-02-13T12:31:22.969Z] ✅ PDF Generated. Size: 100718
[2026-02-13T12:40:55.836Z] 🚀 Starting PDF Generation... (v3 Production)
[2026-02-13T12:40:55.842Z] Importing puppeteer...
[2026-02-13T12:40:55.845Z] Theme selected: standard
[2026-02-13T12:40:55.859Z] Launching browser...
[2026-02-13T12:41:02.578Z] Generating PDF...
[2026-02-13T12:41:04.961Z] ✅ PDF Generated. Size: 108887
[2026-02-13T12:41:55.268Z] 🚀 Starting PDF Generation... (v3 Production)
[2026-02-13T12:41:55.272Z] Importing puppeteer...
[2026-02-13T12:41:55.275Z] Theme selected: modern
[2026-02-13T12:41:55.286Z] Launching browser...
[2026-02-13T12:42:00.213Z] Generating PDF...
[2026-02-13T12:42:02.129Z] ✅ PDF Generated. Size: 100718
[2026-02-13T12:49:53.300Z] 🚀 Starting PDF Generation... (v3 Production)
[2026-02-13T12:49:53.349Z] Importing puppeteer...
[2026-02-13T12:49:53.480Z] ❌ Generation Failed: lowerTheme is not defined
[2026-02-13T12:49:53.489Z] Stack: ReferenceError: lowerTheme is not defined
    at generatePDF (C:\Users\USER\Desktop\shortlist\.next\dev\server\chunks\[root-of-the-server]__ed2dab17._.js:132:49)
    at process.processTicksAndRejections (node:internal/process/task_queues:95:5)
    at async POST (C:\Users\USER\Desktop\shortlist\.next\dev\server\chunks\[root-of-the-server]__ed2dab17._.js:284:27)
    at async AppRouteRouteModule.do (C:\Users\USER\Desktop\shortlist\node_modules\next\dist\compiled\next-server\app-route-turbo.runtime.dev.js:5:37789)
    at async AppRouteRouteModule.handle (C:\Users\USER\Desktop\shortlist\node_modules\next\dist\compiled\next-server\app-route-turbo.runtime.dev.js:5:45045)
    at async responseGenerator (C:\Users\USER\Desktop\shortlist\.next\dev\server\chunks\6dc0e_next_ad73e30f._.js:14333:38)
    at async AppRouteRouteModule.handleResponse (C:\Users\USER\Desktop\shortlist\node_modules\next\dist\compiled\next-server\app-route-turbo.runtime.dev.js:1:187851)
    at async handleResponse (C:\Users\USER\Desktop\shortlist\.next\dev\server\chunks\6dc0e_next_ad73e30f._.js:14395:32)
    at async handler (C:\Users\USER\Desktop\shortlist\.next\dev\server\chunks\6dc0e_next_ad73e30f._.js:14448:13)
    at async DevServer.renderToResponseWithComponentsImpl (C:\Users\USER\Desktop\shortlist\node_modules\next\dist\server\base-server.js:1413:9)
    at async DevServer.renderPageComponent (C:\Users\USER\Desktop\shortlist\node_modules\next\dist\server\base-server.js:1465:24)
    at async DevServer.renderToResponseImpl (C:\Users\USER\Desktop\shortlist\node_modules\next\dist\server\base-server.js:1515:32)
    at async DevServer.pipeImpl (C:\Users\USER\Desktop\shortlist\node_modules\next\dist\server\base-server.js:1021:25)
    at async NextNodeServer.handleCatchallRenderRequest (C:\Users\USER\Desktop\shortlist\node_modules\next\dist\server\next-server.js:394:17)
    at async DevServer.handleRequestImpl (C:\Users\USER\Desktop\shortlist\node_modules\next\dist\server\base-server.js:912:17)
    at async C:\Users\USER\Desktop\shortlist\node_modules\next\dist\server\dev\next-dev-server.js:382:20
    at async Span.traceAsyncFn (C:\Users\USER\Desktop\shortlist\node_modules\next\dist\trace\trace.js:157:20)
    at async DevServer.handleRequest (C:\Users\USER\Desktop\shortlist\node_modules\next\dist\server\dev\next-dev-server.js:378:24)
    at async invokeRender (C:\Users\USER\Desktop\shortlist\node_modules\next\dist\server\lib\router-server.js:240:21)
    at async handleRequest (C:\Users\USER\Desktop\shortlist\node_modules\next\dist\server\lib\router-server.js:436:24)
    at async requestHandlerImpl (C:\Users\USER\Desktop\shortlist\node_modules\next\dist\server\lib\router-server.js:484:13)
    at async Server.requestListener (C:\Users\USER\Desktop\shortlist\node_modules\next\dist\server\lib\start-server.js:226:13)
[2026-02-13T12:51:21.808Z] 🚀 Starting PDF Generation... (v3 Production)
[2026-02-13T12:51:21.823Z] Importing puppeteer...
[2026-02-13T12:51:21.841Z] ❌ Generation Failed: theme is not defined
[2026-02-13T12:51:21.846Z] Stack: ReferenceError: theme is not defined
    at generatePDF (C:\Users\USER\Desktop\shortlist\.next\dev\server\chunks\[root-of-the-server]__ed2dab17._.js:131:32)
    at process.processTicksAndRejections (node:internal/process/task_queues:95:5)
    at async POST (C:\Users\USER\Desktop\shortlist\.next\dev\server\chunks\[root-of-the-server]__ed2dab17._.js:284:27)
    at async AppRouteRouteModule.do (C:\Users\USER\Desktop\shortlist\node_modules\next\dist\compiled\next-server\app-route-turbo.runtime.dev.js:5:37789)
    at async AppRouteRouteModule.handle (C:\Users\USER\Desktop\shortlist\node_modules\next\dist\compiled\next-server\app-route-turbo.runtime.dev.js:5:45045)
    at async responseGenerator (C:\Users\USER\Desktop\shortlist\.next\dev\server\chunks\6dc0e_next_ad73e30f._.js:14333:38)
    at async AppRouteRouteModule.handleResponse (C:\Users\USER\Desktop\shortlist\node_modules\next\dist\compiled\next-server\app-route-turbo.runtime.dev.js:1:187851)
    at async handleResponse (C:\Users\USER\Desktop\shortlist\.next\dev\server\chunks\6dc0e_next_ad73e30f._.js:14395:32)
    at async handler (C:\Users\USER\Desktop\shortlist\.next\dev\server\chunks\6dc0e_next_ad73e30f._.js:14448:13)
    at async DevServer.renderToResponseWithComponentsImpl (C:\Users\USER\Desktop\shortlist\node_modules\next\dist\server\base-server.js:1413:9)
    at async DevServer.renderPageComponent (C:\Users\USER\Desktop\shortlist\node_modules\next\dist\server\base-server.js:1465:24)
    at async DevServer.renderToResponseImpl (C:\Users\USER\Desktop\shortlist\node_modules\next\dist\server\base-server.js:1515:32)
    at async DevServer.pipeImpl (C:\Users\USER\Desktop\shortlist\node_modules\next\dist\server\base-server.js:1021:25)
    at async NextNodeServer.handleCatchallRenderRequest (C:\Users\USER\Desktop\shortlist\node_modules\next\dist\server\next-server.js:394:17)
    at async DevServer.handleRequestImpl (C:\Users\USER\Desktop\shortlist\node_modules\next\dist\server\base-server.js:912:17)
    at async C:\Users\USER\Desktop\shortlist\node_modules\next\dist\server\dev\next-dev-server.js:382:20
    at async Span.traceAsyncFn (C:\Users\USER\Desktop\shortlist\node_modules\next\dist\trace\trace.js:157:20)
    at async DevServer.handleRequest (C:\Users\USER\Desktop\shortlist\node_modules\next\dist\server\dev\next-dev-server.js:378:24)
    at async invokeRender (C:\Users\USER\Desktop\shortlist\node_modules\next\dist\server\lib\router-server.js:240:21)
    at async handleRequest (C:\Users\USER\Desktop\shortlist\node_modules\next\dist\server\lib\router-server.js:436:24)
    at async requestHandlerImpl (C:\Users\USER\Desktop\shortlist\node_modules\next\dist\server\lib\router-server.js:484:13)
    at async Server.requestListener (C:\Users\USER\Desktop\shortlist\node_modules\next\dist\server\lib\start-server.js:226:13)
[2026-02-13T12:52:07.420Z] 🚀 Starting PDF Generation... (v3 Production)
[2026-02-13T12:52:07.425Z] Importing puppeteer...
[2026-02-13T12:52:07.445Z] Theme selected: modern
[2026-02-13T12:52:07.453Z] Matched default/modern, using modern.html
[2026-02-13T12:52:07.457Z] Looking for template at: C:\Users\USER\Desktop\shortlist\lib\resume-renderer\templates\modern.html
[2026-02-13T12:52:07.473Z] ✅ Template found.
[2026-02-13T12:52:07.517Z] Read CSS content length: 2789
[2026-02-13T12:52:07.537Z] Launching browser...
[2026-02-13T12:52:24.010Z] Generating PDF...
[2026-02-13T12:52:27.822Z] ✅ PDF Generated. Size: 64264
[2026-02-13T12:53:27.296Z] 🚀 Starting PDF Generation... (v3 Production)
[2026-02-13T12:53:27.301Z] Importing puppeteer...
[2026-02-13T12:53:27.310Z] Theme selected: modern
[2026-02-13T12:53:27.318Z] Matched default/modern, using modern.html
[2026-02-13T12:53:27.323Z] Looking for template at: C:\Users\USER\Desktop\shortlist\lib\resume-renderer\templates\modern.html
[2026-02-13T12:53:27.333Z] ✅ Template found.
[2026-02-13T12:53:27.341Z] Read CSS content length: 2789
[2026-02-13T12:53:27.346Z] Launching browser...
[2026-02-13T12:53:37.961Z] Generating PDF...
[2026-02-13T12:53:39.754Z] ✅ PDF Generated. Size: 78061
[2026-02-13T12:53:51.106Z] 🚀 Starting PDF Generation... (v3 Production)
[2026-02-13T12:53:51.109Z] Importing puppeteer...
[2026-02-13T12:53:51.115Z] Theme selected: classic
[2026-02-13T12:53:51.117Z] Matched 'classic', using classic.html
[2026-02-13T12:53:51.120Z] Looking for template at: C:\Users\USER\Desktop\shortlist\lib\resume-renderer\templates\classic.html
[2026-02-13T12:53:51.124Z] ✅ Template found.
[2026-02-13T12:53:51.137Z] Read CSS content length: 2789
[2026-02-13T12:53:51.141Z] Launching browser...
[2026-02-13T12:53:58.592Z] Generating PDF...
[2026-02-13T12:54:01.838Z] ✅ PDF Generated. Size: 73827
[2026-02-13T12:54:05.602Z] 🚀 Starting PDF Generation... (v3 Production)
[2026-02-13T12:54:05.605Z] Importing puppeteer...
[2026-02-13T12:54:05.616Z] Theme selected: efficient
[2026-02-13T12:54:05.623Z] Looking for template at: C:\Users\USER\Desktop\shortlist\lib\resume-renderer\templates\efficient.html
[2026-02-13T12:54:05.637Z] ✅ Template found.
[2026-02-13T12:54:05.653Z] Read CSS content length: 2789
[2026-02-13T12:54:05.665Z] Launching browser...
[2026-02-13T12:54:12.440Z] Generating PDF...
[2026-02-13T12:54:14.724Z] ✅ PDF Generated. Size: 67581
[2026-02-13T12:54:19.154Z] 🚀 Starting PDF Generation... (v3 Production)
[2026-02-13T12:54:19.157Z] Importing puppeteer...
[2026-02-13T12:54:19.161Z] Theme selected: sidebar
[2026-02-13T12:54:19.164Z] Looking for template at: C:\Users\USER\Desktop\shortlist\lib\resume-renderer\templates\sidebar.html
[2026-02-13T12:54:19.169Z] ✅ Template found.
[2026-02-13T12:54:19.181Z] Read CSS content length: 2789
[2026-02-13T12:54:19.186Z] Launching browser...
[2026-02-13T12:54:27.335Z] Generating PDF...
[2026-02-13T12:54:28.280Z] ✅ PDF Generated. Size: 65016
[2026-02-13T12:54:30.621Z] 🚀 Starting PDF Generation... (v3 Production)
[2026-02-13T12:54:30.625Z] Importing puppeteer...
[2026-02-13T12:54:30.628Z] Theme selected: sidebar_right
[2026-02-13T12:54:30.631Z] Looking for template at: C:\Users\USER\Desktop\shortlist\lib\resume-renderer\templates\sidebar_right.html
[2026-02-13T12:54:30.635Z] ✅ Template found.
[2026-02-13T12:54:30.644Z] Read CSS content length: 2789
[2026-02-13T12:54:30.648Z] Launching browser...
[2026-02-13T12:54:38.807Z] Generating PDF...
[2026-02-13T12:54:41.306Z] ✅ PDF Generated. Size: 65014
[2026-02-13T12:54:47.439Z] 🚀 Starting PDF Generation... (v3 Production)
[2026-02-13T12:54:47.452Z] Importing puppeteer...
[2026-02-13T12:54:47.456Z] Theme selected: banner
[2026-02-13T12:54:47.542Z] Looking for template at: C:\Users\USER\Desktop\shortlist\lib\resume-renderer\templates\banner.html
[2026-02-13T12:54:47.590Z] ✅ Template found.
[2026-02-13T12:54:47.642Z] Read CSS content length: 2789
[2026-02-13T12:54:47.691Z] Launching browser...
[2026-02-13T12:54:54.919Z] Generating PDF...
[2026-02-13T12:54:58.345Z] ✅ PDF Generated. Size: 73074
[2026-02-13T12:55:04.223Z] 🚀 Starting PDF Generation... (v3 Production)
[2026-02-13T12:55:04.234Z] Importing puppeteer...
[2026-02-13T12:55:04.245Z] Theme selected: minimal
[2026-02-13T12:55:04.251Z] Looking for template at: C:\Users\USER\Desktop\shortlist\lib\resume-renderer\templates\minimal.html
[2026-02-13T12:55:04.262Z] ✅ Template found.
[2026-02-13T12:55:04.270Z] Read CSS content length: 2789
[2026-02-13T12:55:04.277Z] Launching browser...
[2026-02-13T12:55:10.783Z] Generating PDF...
[2026-02-13T12:55:12.114Z] ✅ PDF Generated. Size: 74429
[2026-02-13T12:55:15.773Z] 🚀 Starting PDF Generation... (v3 Production)
[2026-02-13T12:55:15.777Z] Importing puppeteer...
[2026-02-13T12:55:15.803Z] Theme selected: standard
[2026-02-13T12:55:15.818Z] Matched 'standard', using classic.html
[2026-02-13T12:55:15.847Z] Looking for template at: C:\Users\USER\Desktop\shortlist\lib\resume-renderer\templates\classic.html
[2026-02-13T12:55:15.869Z] ✅ Template found.
[2026-02-13T12:55:15.920Z] Read CSS content length: 2789
[2026-02-13T12:55:15.978Z] Launching browser...
[2026-02-13T12:55:22.341Z] Generating PDF...
[2026-02-13T12:55:24.807Z] ✅ PDF Generated. Size: 73827
[2026-02-13T12:56:47.004Z] 🚀 Starting PDF Generation... (v3 Production)
[2026-02-13T12:56:47.010Z] Importing puppeteer...
[2026-02-13T12:56:47.015Z] Theme selected: modern
[2026-02-13T12:56:47.019Z] Matched default/modern, using modern.html
[2026-02-13T12:56:47.026Z] Looking for template at: C:\Users\USER\Desktop\shortlist\lib\resume-renderer\templates\modern.html
[2026-02-13T12:56:47.032Z] ✅ Template found.
[2026-02-13T12:56:47.040Z] Read CSS content length: 2789
[2026-02-13T12:56:47.052Z] Launching browser...
[2026-02-13T12:56:56.805Z] Generating PDF...
[2026-02-13T12:56:59.227Z] ✅ PDF Generated. Size: 112081
[2026-02-13T13:01:43.208Z] 🚀 Starting PDF Generation... (v3 Production)
[2026-02-13T13:01:43.224Z] Importing puppeteer...
[2026-02-13T13:01:43.234Z] Theme selected: modern
[2026-02-13T13:01:43.238Z] Matched default/modern, using modern.html
[2026-02-13T13:01:43.242Z] Looking for template at: C:\Users\USER\Desktop\shortlist\lib\resume-renderer\templates\modern.html
[2026-02-13T13:01:43.247Z] ✅ Template found.
[2026-02-13T13:01:43.259Z] Read CSS content length: 2789
[2026-02-13T13:01:43.273Z] Launching browser...
[2026-02-13T13:01:52.926Z] Generating PDF...
[2026-02-13T13:01:57.471Z] ✅ PDF Generated. Size: 85617
[2026-02-13T13:02:02.218Z] 🚀 Starting PDF Generation... (v3 Production)
[2026-02-13T13:02:02.228Z] Importing puppeteer...
[2026-02-13T13:02:02.236Z] Theme selected: classic
[2026-02-13T13:02:02.241Z] Matched 'classic', using classic.html
[2026-02-13T13:02:02.252Z] Looking for template at: C:\Users\USER\Desktop\shortlist\lib\resume-renderer\templates\classic.html
[2026-02-13T13:02:02.259Z] ✅ Template found.
[2026-02-13T13:02:02.312Z] Read CSS content length: 2789
[2026-02-13T13:02:02.355Z] Launching browser...
[2026-02-13T13:02:10.967Z] Generating PDF...
[2026-02-13T13:02:13.675Z] ✅ PDF Generated. Size: 73827
[2026-02-13T13:02:20.032Z] 🚀 Starting PDF Generation... (v3 Production)
[2026-02-13T13:02:20.040Z] Importing puppeteer...
[2026-02-13T13:02:20.046Z] Theme selected: efficient
[2026-02-13T13:02:20.051Z] Looking for template at: C:\Users\USER\Desktop\shortlist\lib\resume-renderer\templates\efficient.html
[2026-02-13T13:02:20.069Z] ✅ Template found.
[2026-02-13T13:02:20.081Z] Read CSS content length: 2789
[2026-02-13T13:02:20.095Z] Launching browser...
[2026-02-13T13:02:29.447Z] Generating PDF...
[2026-02-13T13:02:30.717Z] ✅ PDF Generated. Size: 67581
[2026-02-13T13:02:34.455Z] 🚀 Starting PDF Generation... (v3 Production)
[2026-02-13T13:02:34.459Z] Importing puppeteer...
[2026-02-13T13:02:34.463Z] Theme selected: sidebar
[2026-02-13T13:02:34.468Z] Looking for template at: C:\Users\USER\Desktop\shortlist\lib\resume-renderer\templates\sidebar.html
[2026-02-13T13:02:34.474Z] ✅ Template found.
[2026-02-13T13:02:34.484Z] Read CSS content length: 2789
[2026-02-13T13:02:34.513Z] Launching browser...
[2026-02-13T13:02:42.236Z] Generating PDF...
[2026-02-13T13:02:44.678Z] ✅ PDF Generated. Size: 65016
[2026-02-13T13:02:47.661Z] 🚀 Starting PDF Generation... (v3 Production)
[2026-02-13T13:02:47.665Z] Importing puppeteer...
[2026-02-13T13:02:47.674Z] Theme selected: sidebar_right
[2026-02-13T13:02:47.683Z] Looking for template at: C:\Users\USER\Desktop\shortlist\lib\resume-renderer\templates\sidebar_right.html
[2026-02-13T13:02:47.689Z] ✅ Template found.
[2026-02-13T13:02:47.700Z] Read CSS content length: 2789
[2026-02-13T13:02:47.704Z] Launching browser...
[2026-02-13T13:02:53.704Z] Generating PDF...
[2026-02-13T13:02:55.043Z] ✅ PDF Generated. Size: 65014
[2026-02-13T13:02:57.600Z] 🚀 Starting PDF Generation... (v3 Production)
[2026-02-13T13:02:57.603Z] Importing puppeteer...
[2026-02-13T13:02:57.607Z] Theme selected: banner
[2026-02-13T13:02:57.610Z] Looking for template at: C:\Users\USER\Desktop\shortlist\lib\resume-renderer\templates\banner.html
[2026-02-13T13:02:57.613Z] ✅ Template found.
[2026-02-13T13:02:57.618Z] Read CSS content length: 2789
[2026-02-13T13:02:57.621Z] Launching browser...
[2026-02-13T13:03:02.636Z] Generating PDF...
[2026-02-13T13:03:05.328Z] ✅ PDF Generated. Size: 73074
[2026-02-13T13:03:12.187Z] 🚀 Starting PDF Generation... (v3 Production)
[2026-02-13T13:03:12.206Z] Importing puppeteer...
[2026-02-13T13:03:12.213Z] Theme selected: minimal
[2026-02-13T13:03:12.217Z] Looking for template at: C:\Users\USER\Desktop\shortlist\lib\resume-renderer\templates\minimal.html
[2026-02-13T13:03:12.226Z] ✅ Template found.
[2026-02-13T13:03:12.258Z] Read CSS content length: 2789
[2026-02-13T13:03:12.268Z] Launching browser...
[2026-02-13T13:03:22.263Z] 🚀 Starting PDF Generation... (v3 Production)
[2026-02-13T13:03:22.271Z] Importing puppeteer...
[2026-02-13T13:03:22.295Z] Theme selected: modern
[2026-02-13T13:03:22.374Z] Matched default/modern, using modern.html
[2026-02-13T13:03:22.419Z] Looking for template at: C:\Users\USER\Desktop\shortlist\lib\resume-renderer\templates\modern.html
[2026-02-13T13:03:22.448Z] ✅ Template found.
[2026-02-13T13:03:22.462Z] Read CSS content length: 2789
[2026-02-13T13:03:22.475Z] Launching browser...
[2026-02-13T13:03:24.462Z] Generating PDF...
[2026-02-13T13:03:27.133Z] ✅ PDF Generated. Size: 74429
[2026-02-13T13:03:32.590Z] Generating PDF...
[2026-02-13T13:03:33.107Z] 🚀 Starting PDF Generation... (v3 Production)
[2026-02-13T13:03:33.123Z] Importing puppeteer...
[2026-02-13T13:03:33.131Z] Theme selected: standard
[2026-02-13T13:03:33.150Z] Matched 'standard', using classic.html
[2026-02-13T13:03:33.175Z] Looking for template at: C:\Users\USER\Desktop\shortlist\lib\resume-renderer\templates\classic.html
[2026-02-13T13:03:33.182Z] ✅ Template found.
[2026-02-13T13:03:33.196Z] Read CSS content length: 2789
[2026-02-13T13:03:33.201Z] Launching browser...
[2026-02-13T13:03:34.430Z] ✅ PDF Generated. Size: 85617
[2026-02-13T13:03:38.699Z] Generating PDF...
[2026-02-13T13:03:40.454Z] ✅ PDF Generated. Size: 73827
[2026-02-13T13:03:43.441Z] 🚀 Starting PDF Generation... (v3 Production)
[2026-02-13T13:03:43.444Z] Importing puppeteer...
[2026-02-13T13:03:43.448Z] Theme selected: classic
[2026-02-13T13:03:43.452Z] Matched 'classic', using classic.html
[2026-02-13T13:03:43.457Z] Looking for template at: C:\Users\USER\Desktop\shortlist\lib\resume-renderer\templates\classic.html
[2026-02-13T13:03:43.461Z] ✅ Template found.
[2026-02-13T13:03:43.467Z] Read CSS content length: 2789
[2026-02-13T13:03:43.485Z] Launching browser...
[2026-02-13T13:03:48.796Z] Generating PDF...
[2026-02-13T13:03:49.850Z] ✅ PDF Generated. Size: 73827
[2026-02-13T13:03:54.052Z] 🚀 Starting PDF Generation... (v3 Production)
[2026-02-13T13:03:54.055Z] Importing puppeteer...
[2026-02-13T13:03:54.061Z] Theme selected: efficient
[2026-02-13T13:03:54.066Z] Looking for template at: C:\Users\USER\Desktop\shortlist\lib\resume-renderer\templates\efficient.html
[2026-02-13T13:03:54.071Z] ✅ Template found.
[2026-02-13T13:03:54.076Z] Read CSS content length: 2789
[2026-02-13T13:03:54.079Z] Launching browser...
[2026-02-13T13:04:00.448Z] Generating PDF...
[2026-02-13T13:04:02.261Z] ✅ PDF Generated. Size: 67581
[2026-02-13T13:04:05.378Z] 🚀 Starting PDF Generation... (v3 Production)
[2026-02-13T13:04:05.381Z] Importing puppeteer...
[2026-02-13T13:04:05.384Z] Theme selected: sidebar
[2026-02-13T13:04:05.389Z] Looking for template at: C:\Users\USER\Desktop\shortlist\lib\resume-renderer\templates\sidebar.html
[2026-02-13T13:04:05.395Z] ✅ Template found.
[2026-02-13T13:04:05.404Z] Read CSS content length: 2789
[2026-02-13T13:04:05.407Z] Launching browser...
[2026-02-13T13:04:14.507Z] Generating PDF...
[2026-02-13T13:04:17.929Z] ✅ PDF Generated. Size: 65268
[2026-02-13T13:04:22.931Z] 🚀 Starting PDF Generation... (v3 Production)
[2026-02-13T13:04:22.935Z] Importing puppeteer...
[2026-02-13T13:04:22.941Z] Theme selected: sidebar_right
[2026-02-13T13:04:22.979Z] Looking for template at: C:\Users\USER\Desktop\shortlist\lib\resume-renderer\templates\sidebar_right.html
[2026-02-13T13:04:23.030Z] ✅ Template found.
[2026-02-13T13:04:23.073Z] Read CSS content length: 2789
[2026-02-13T13:04:23.079Z] Launching browser...
[2026-02-13T13:04:30.940Z] Generating PDF...
[2026-02-13T13:04:32.914Z] ✅ PDF Generated. Size: 65014
[2026-02-13T13:04:36.765Z] 🚀 Starting PDF Generation... (v3 Production)
[2026-02-13T13:04:36.783Z] Importing puppeteer...
[2026-02-13T13:04:36.789Z] Theme selected: banner
[2026-02-13T13:04:36.792Z] Looking for template at: C:\Users\USER\Desktop\shortlist\lib\resume-renderer\templates\banner.html
[2026-02-13T13:04:36.796Z] ✅ Template found.
[2026-02-13T13:04:36.801Z] Read CSS content length: 2789
[2026-02-13T13:04:36.804Z] Launching browser...
[2026-02-13T13:04:44.011Z] Generating PDF...
[2026-02-13T13:04:47.739Z] ✅ PDF Generated. Size: 73074
[2026-02-13T13:04:50.430Z] 🚀 Starting PDF Generation... (v3 Production)
[2026-02-13T13:04:50.435Z] Importing puppeteer...
[2026-02-13T13:04:50.439Z] Theme selected: minimal
[2026-02-13T13:04:50.443Z] Looking for template at: C:\Users\USER\Desktop\shortlist\lib\resume-renderer\templates\minimal.html
[2026-02-13T13:04:50.451Z] ✅ Template found.
[2026-02-13T13:04:50.463Z] Read CSS content length: 2789
[2026-02-13T13:04:50.477Z] Launching browser...
[2026-02-13T13:04:56.480Z] Generating PDF...
[2026-02-13T13:04:58.650Z] ✅ PDF Generated. Size: 74429
[2026-02-13T13:05:01.069Z] 🚀 Starting PDF Generation... (v3 Production)
[2026-02-13T13:05:01.075Z] Importing puppeteer...
[2026-02-13T13:05:01.079Z] Theme selected: standard
[2026-02-13T13:05:01.082Z] Matched 'standard', using classic.html
[2026-02-13T13:05:01.085Z] Looking for template at: C:\Users\USER\Desktop\shortlist\lib\resume-renderer\templates\classic.html
[2026-02-13T13:05:01.090Z] ✅ Template found.
[2026-02-13T13:05:01.097Z] Read CSS content length: 2789
[2026-02-13T13:05:01.100Z] Launching browser...
[2026-02-13T13:05:09.144Z] Generating PDF...
[2026-02-13T13:05:10.735Z] ✅ PDF Generated. Size: 73827
[2026-02-13T13:08:04.302Z] 🚀 Starting PDF Generation... (v3 Production)
[2026-02-13T13:08:04.309Z] Importing puppeteer...
[2026-02-13T13:08:04.313Z] Theme selected: sidebar
[2026-02-13T13:08:04.319Z] Looking for template at: C:\Users\USER\Desktop\shortlist\lib\resume-renderer\templates\sidebar.html
[2026-02-13T13:08:04.327Z] ✅ Template found.
[2026-02-13T13:08:04.333Z] Read CSS content length: 2789
[2026-02-13T13:08:04.336Z] Launching browser...
[2026-02-13T13:08:10.436Z] Generating PDF...
[2026-02-13T13:08:13.133Z] ✅ PDF Generated. Size: 108352
[2026-02-13T13:08:50.626Z] 🚀 Starting PDF Generation... (v3 Production)
[2026-02-13T13:08:50.643Z] Importing puppeteer...
[2026-02-13T13:08:50.650Z] Theme selected: modern
[2026-02-13T13:08:50.657Z] Matched default/modern, using modern.html
[2026-02-13T13:08:50.661Z] Looking for template at: C:\Users\USER\Desktop\shortlist\lib\resume-renderer\templates\modern.html
[2026-02-13T13:08:50.670Z] ✅ Template found.
[2026-02-13T13:08:50.677Z] Read CSS content length: 2789
[2026-02-13T13:08:50.681Z] Launching browser...
[2026-02-13T13:08:56.517Z] Generating PDF...
[2026-02-13T13:08:58.926Z] ✅ PDF Generated. Size: 120129
[2026-02-13T13:13:30.392Z] 🚀 Starting PDF Generation... (v3 Production)
[2026-02-13T13:13:30.437Z] Importing puppeteer...
[2026-02-13T13:13:30.486Z] Theme selected: modern
[2026-02-13T13:13:30.491Z] Matched default/modern, using modern.html
[2026-02-13T13:13:30.498Z] Looking for template at: C:\Users\USER\Desktop\shortlist\lib\resume-renderer\templates\modern.html
[2026-02-13T13:13:30.505Z] ✅ Template found.
[2026-02-13T13:13:30.525Z] Read CSS content length: 2789
[2026-02-13T13:13:30.539Z] Launching browser...
[2026-02-13T13:13:43.255Z] Generating PDF...
[2026-02-13T13:13:45.038Z] ✅ PDF Generated. Size: 79487
[2026-02-13T13:13:47.814Z] 🚀 Starting PDF Generation... (v3 Production)
[2026-02-13T13:13:47.819Z] Importing puppeteer...
[2026-02-13T13:13:47.825Z] Theme selected: classic
[2026-02-13T13:13:47.828Z] Matched 'classic', using classic.html
[2026-02-13T13:13:47.832Z] Looking for template at: C:\Users\USER\Desktop\shortlist\lib\resume-renderer\templates\classic.html
[2026-02-13T13:13:47.835Z] ✅ Template found.
[2026-02-13T13:13:47.842Z] Read CSS content length: 2789
[2026-02-13T13:13:47.846Z] Launching browser...
[2026-02-13T13:13:56.869Z] Generating PDF...
[2026-02-13T13:13:59.175Z] ✅ PDF Generated. Size: 73827
[2026-02-13T13:14:03.772Z] 🚀 Starting PDF Generation... (v3 Production)
[2026-02-13T13:14:03.775Z] Importing puppeteer...
[2026-02-13T13:14:03.781Z] Theme selected: efficient
[2026-02-13T13:14:03.783Z] Looking for template at: C:\Users\USER\Desktop\shortlist\lib\resume-renderer\templates\efficient.html
[2026-02-13T13:14:03.789Z] ✅ Template found.
[2026-02-13T13:14:03.795Z] Read CSS content length: 2789
[2026-02-13T13:14:03.799Z] Launching browser...
[2026-02-13T13:14:09.272Z] Generating PDF...
[2026-02-13T13:14:10.414Z] ✅ PDF Generated. Size: 67581
[2026-02-13T13:14:13.320Z] 🚀 Starting PDF Generation... (v3 Production)
[2026-02-13T13:14:13.324Z] Importing puppeteer...
[2026-02-13T13:14:13.327Z] Theme selected: sidebar
[2026-02-13T13:14:13.331Z] Looking for template at: C:\Users\USER\Desktop\shortlist\lib\resume-renderer\templates\sidebar.html
[2026-02-13T13:14:13.335Z] ✅ Template found.
[2026-02-13T13:14:13.341Z] Read CSS content length: 2789
[2026-02-13T13:14:13.344Z] Launching browser...
[2026-02-13T13:14:20.120Z] Generating PDF...
[2026-02-13T13:14:21.622Z] ✅ PDF Generated. Size: 65268
[2026-02-13T13:14:24.944Z] 🚀 Starting PDF Generation... (v3 Production)
[2026-02-13T13:14:24.948Z] Importing puppeteer...
[2026-02-13T13:14:24.953Z] Theme selected: sidebar_right
[2026-02-13T13:14:24.957Z] Looking for template at: C:\Users\USER\Desktop\shortlist\lib\resume-renderer\templates\sidebar_right.html
[2026-02-13T13:14:24.961Z] ✅ Template found.
[2026-02-13T13:14:24.968Z] Read CSS content length: 2789
[2026-02-13T13:14:24.975Z] Launching browser...
[2026-02-13T13:14:31.230Z] Generating PDF...
[2026-02-13T13:14:32.336Z] ✅ PDF Generated. Size: 65014
[2026-02-13T13:14:34.816Z] 🚀 Starting PDF Generation... (v3 Production)
[2026-02-13T13:14:34.820Z] Importing puppeteer...
[2026-02-13T13:14:34.824Z] Theme selected: banner
[2026-02-13T13:14:34.827Z] Looking for template at: C:\Users\USER\Desktop\shortlist\lib\resume-renderer\templates\banner.html
[2026-02-13T13:14:34.831Z] ✅ Template found.
[2026-02-13T13:14:34.839Z] Read CSS content length: 2789
[2026-02-13T13:14:34.843Z] Launching browser...
[2026-02-13T13:14:44.845Z] Generating PDF...
[2026-02-13T13:14:48.324Z] ✅ PDF Generated. Size: 73074
[2026-02-13T13:14:54.596Z] 🚀 Starting PDF Generation... (v3 Production)
[2026-02-13T13:14:54.599Z] Importing puppeteer...
[2026-02-13T13:14:54.605Z] Theme selected: minimal
[2026-02-13T13:14:54.611Z] Looking for template at: C:\Users\USER\Desktop\shortlist\lib\resume-renderer\templates\minimal.html
[2026-02-13T13:14:54.616Z] ✅ Template found.
[2026-02-13T13:14:54.621Z] Read CSS content length: 2789
[2026-02-13T13:14:54.625Z] Launching browser...
[2026-02-13T13:15:04.930Z] Generating PDF...
[2026-02-13T13:15:06.557Z] ✅ PDF Generated. Size: 74429
[2026-02-13T13:15:14.377Z] 🚀 Starting PDF Generation... (v3 Production)
[2026-02-13T13:15:14.408Z] Importing puppeteer...
[2026-02-13T13:15:14.414Z] Theme selected: standard
[2026-02-13T13:15:14.429Z] Matched 'standard', using classic.html
[2026-02-13T13:15:14.435Z] Looking for template at: C:\Users\USER\Desktop\shortlist\lib\resume-renderer\templates\classic.html
[2026-02-13T13:15:14.447Z] ✅ Template found.
[2026-02-13T13:15:14.459Z] Read CSS content length: 2789
[2026-02-13T13:15:14.465Z] Launching browser...
[2026-02-13T13:15:29.731Z] Generating PDF...
[2026-02-13T13:15:31.903Z] 🚀 Starting PDF Generation... (v3 Production)
[2026-02-13T13:15:31.907Z] Importing puppeteer...
[2026-02-13T13:15:31.912Z] Theme selected: modern
[2026-02-13T13:15:31.921Z] Matched default/modern, using modern.html
[2026-02-13T13:15:31.928Z] Looking for template at: C:\Users\USER\Desktop\shortlist\lib\resume-renderer\templates\modern.html
[2026-02-13T13:15:31.938Z] ✅ Template found.
[2026-02-13T13:15:31.971Z] Read CSS content length: 2789
[2026-02-13T13:15:32.009Z] Launching browser...
[2026-02-13T13:15:33.965Z] ✅ PDF Generated. Size: 73827
[2026-02-13T13:15:40.014Z] Generating PDF...
[2026-02-13T13:15:42.866Z] ✅ PDF Generated. Size: 118499
[2026-02-13T13:28:57.726Z] 🚀 Starting PDF Generation... (v3 Production)
[2026-02-13T13:28:57.732Z] Importing puppeteer...
[2026-02-13T13:28:57.761Z] Theme selected: modern
[2026-02-13T13:28:57.767Z] Matched default/modern, using modern.html
[2026-02-13T13:28:57.770Z] Looking for template at: C:\Users\USER\Desktop\shortlist\lib\resume-renderer\templates\modern.html
[2026-02-13T13:28:57.773Z] ✅ Template found.
[2026-02-13T13:28:57.783Z] Read CSS content length: 2789
[2026-02-13T13:28:57.801Z] Launching browser...
[2026-02-13T13:29:04.700Z] Generating PDF...
[2026-02-13T13:29:07.310Z] ✅ PDF Generated. Size: 118499
