[2026-02-13T13:40:30.282Z] 🚀 Starting Cover Letter PDF Generation for: Untitled Cover Letter
[2026-02-13T13:40:30.311Z] Launching browser...
[2026-02-13T13:41:10.044Z] ❌ Generation Failed: Navigation timeout of 30000 ms exceeded
[2026-02-13T13:46:46.551Z] 🚀 Starting Cover Letter PDF Generation for: Alex-cover-letter
[2026-02-13T13:46:46.609Z] Launching browser...
[2026-02-13T13:46:55.567Z] Generating PDF...
[2026-02-13T13:46:57.461Z] ✅ Cover Letter PDF Generated. Size: 85809
[2026-02-13T14:12:54.396Z] 🚀 Starting Cover Letter PDF Generation for: alex-cover-letter-1
[2026-02-13T14:12:54.419Z] Launching browser...
[2026-02-13T14:13:03.400Z] Generating PDF...
[2026-02-13T14:13:06.079Z] ✅ Cover Letter PDF Generated. Size: 94795
[2026-02-13T14:23:44.925Z] 🚀 Starting Cover Letter PDF Generation for: alex-cover-letter-2
[2026-02-13T14:23:44.973Z] Launching browser...
[2026-02-13T14:23:53.114Z] Generating PDF...
[2026-02-13T14:23:56.597Z] ✅ Cover Letter PDF Generated. Size: 92130
[2026-02-13T14:29:39.955Z] 🚀 Starting Cover Letter PDF Generation for: alex-cover-letter-3
[2026-02-13T14:29:40.023Z] Launching browser...
[2026-02-13T14:29:46.614Z] Generating PDF...
[2026-02-13T14:29:50.412Z] ✅ Cover Letter PDF Generated. Size: 88961
[2026-02-13T14:35:56.882Z] 🚀 Starting Cover Letter PDF Generation for: alex-cover-letter-4
[2026-02-13T14:35:56.929Z] Launching browser...
[2026-02-13T14:36:07.245Z] Generating PDF...
[2026-02-13T14:36:09.672Z] ✅ Cover Letter PDF Generated. Size: 89052
[2026-02-13T15:36:46.779Z] 🚀 Starting Cover Letter PDF Generation for: alex-cover-letter-5
[2026-02-13T15:36:46.850Z] Launching browser...
[2026-02-13T15:36:56.687Z] Generating PDF...
[2026-02-13T15:37:00.802Z] ✅ Cover Letter PDF Generated. Size: 90343
[2026-04-09T11:49:31.983Z] 🚀 Starting Cover Letter PDF Generation for: Cover Letter #6
[2026-04-09T11:49:32.157Z] Launching browser...
[2026-04-09T11:49:41.850Z] Generating PDF...
[2026-04-09T11:49:44.931Z] ✅ Cover Letter PDF Generated. Size: 96116
